// Jest Snapshot v1, https://goo.gl/fbAQLP

exports[`Index renders the html we want 1`] = `
<div>
  <div
    className="flex justify-center items-center max-w-6xl mx-5 my-2 lg:mx-auto"
  >
    <div
      className="flex w-min p-2 bg-white rounded-lg shadow-xl hover:scale-110 transition-all hover:translate-y-4"
    >
      <a
        href="/"
        onClick={[Function]}
        onMouseEnter={[Function]}
      >
        <div
          className="p-2 rounded-lg hover:bg-gray-500 hover:ease-in-out duration-200"
        >
          <svg
            aria-hidden="true"
            className="h-12 w-12"
            fill="none"
            stroke="currentColor"
            strokeWidth={2}
            viewBox="0 0 24 24"
            xmlns="http://www.w3.org/2000/svg"
          >
            <path
              d="M3 12l2-2m0 0l7-7 7 7M5 10v10a1 1 0 001 1h3m10-11l2 2m-2-2v10a1 1 0 01-1 1h-3m-6 0a1 1 0 001-1v-4a1 1 0 011-1h2a1 1 0 011 1v4a1 1 0 001 1m-6 0h6"
              strokeLinecap="round"
              strokeLinejoin="round"
            />
          </svg>
        </div>
      </a>
      <a
        href="/characters"
        onClick={[Function]}
        onMouseEnter={[Function]}
      >
        <div
          className="p-2 rounded-lg hover:bg-gray-500 hover:ease-in-out duration-200"
        >
          <svg
            aria-hidden="true"
            className="h-12 w-12"
            fill="none"
            stroke="currentColor"
            strokeWidth={2}
            viewBox="0 0 24 24"
            xmlns="http://www.w3.org/2000/svg"
          >
            <path
              d="M17 20h5v-2a3 3 0 00-5.356-1.857M17 20H7m10 0v-2c0-.656-.126-1.283-.356-1.857M7 20H2v-2a3 3 0 015.356-1.857M7 20v-2c0-.656.126-1.283.356-1.857m0 0a5.002 5.002 0 019.288 0M15 7a3 3 0 11-6 0 3 3 0 016 0zm6 3a2 2 0 11-4 0 2 2 0 014 0zM7 10a2 2 0 11-4 0 2 2 0 014 0z"
              strokeLinecap="round"
              strokeLinejoin="round"
            />
          </svg>
        </div>
      </a>
      <a
        href="/playerList"
        onClick={[Function]}
        onMouseEnter={[Function]}
      >
        <div
          className="p-2 rounded-lg hover:bg-gray-500 hover:ease-in-out duration-200"
        >
          <svg
            aria-hidden="true"
            className="h-12 w-12"
            fill="none"
            stroke="currentColor"
            strokeWidth={2}
            viewBox="0 0 24 24"
            xmlns="http://www.w3.org/2000/svg"
          >
            <path
              d="M3.055 11H5a2 2 0 012 2v1a2 2 0 002 2 2 2 0 012 2v2.945M8 3.935V5.5A2.5 2.5 0 0010.5 8h.5a2 2 0 012 2 2 2 0 104 0 2 2 0 012-2h1.064M15 20.488V18a2 2 0 012-2h3.064M21 12a9 9 0 11-18 0 9 9 0 0118 0z"
              strokeLinecap="round"
              strokeLinejoin="round"
            />
          </svg>
        </div>
      </a>
      <a
        href="/battle"
        onClick={[Function]}
        onMouseEnter={[Function]}
      >
        <div
          className="p-2 rounded-lg hover:bg-gray-500 hover:ease-in-out duration-200"
        >
          <svg
            aria-hidden="true"
            className="h-12 w-12"
            fill="none"
            stroke="currentColor"
            strokeWidth={2}
            viewBox="0 0 24 24"
            xmlns="http://www.w3.org/2000/svg"
          >
            <path
              d="M14.752 11.168l-3.197-2.132A1 1 0 0010 9.87v4.263a1 1 0 001.555.832l3.197-2.132a1 1 0 000-1.664z"
              strokeLinecap="round"
              strokeLinejoin="round"
            />
            <path
              d="M21 12a9 9 0 11-18 0 9 9 0 0118 0z"
              strokeLinecap="round"
              strokeLinejoin="round"
            />
          </svg>
        </div>
      </a>
      <a
        onClick={[Function]}
      >
        <div
          className="p-2 rounded-lg hover:bg-gray-500 hover:ease-in-out duration-200"
        >
          <svg
            aria-hidden="true"
            className="h-12 w-12"
            fill="none"
            stroke="currentColor"
            strokeWidth={2}
            viewBox="0 0 24 24"
            xmlns="http://www.w3.org/2000/svg"
          >
            <path
              d="M11 16l-4-4m0 0l4-4m-4 4h14m-5 4v1a3 3 0 01-3 3H6a3 3 0 01-3-3V7a3 3 0 013-3h7a3 3 0 013 3v1"
              strokeLinecap="round"
              strokeLinejoin="round"
            />
          </svg>
        </div>
      </a>
    </div>
  </div>
  <main
    className="grid"
  >
    <div
      className="flex items-center justify-center m-8 gap-8"
    >
      <div>
        <div
          className="char-img"
        >
          <img
            className="rounded-lg"
            src="https://images-ext-1.discordapp.net/external/x08twzHAcDIWcqHEPgEIdfLNoIGST3tHUdti0Ww3b00/https/mudae.net/uploads/1232276/v6uL2AsAjYy0QE0-4OKy~0P98O5C.png"
          />
        </div>
      </div>
      <div
        className="space-y-4"
      >
        <div
          className="word-bubble"
        >
          ID: undefined
        </div>
        <div
          className="word-bubble"
        >
          NAME: undefined
        </div>
      </div>
    </div>
  </main>
</div>
`;
